Bool(true)
Bool(false)
Bool(true)
Bool(true)
Bool(false)
Bool(true)
Bool(false)
Bool(false)
