Error: Custom { kind: InvalidInput, error: StringError("Mathematical binary operators require both parameters to be integers") }
