Error: Custom { kind: InvalidInput, error: StringError("Variable name missing in environment") }
