Error: Custom { kind: InvalidInput, error: StringError("terms need to be applied to function types") }
