Error: Custom { kind: InvalidInput, error: StringError("Types do not match") }
